+---------------------------------------------------------------------------------+
; Analysis & Synthesis Summary                                                    ;
+------------------------------------+--------------------------------------------+
; Analysis & Synthesis Status        ; Successful - Thu May 28 09:13:47 2026      ;
; Quartus II 64-Bit Version          ; 13.1.0 Build 162 10/23/2013 SJ Web Edition ;
; Revision Name                      ; ALU                                        ;
; Top-level Entity Name              ; alu                                        ;
; Family                             ; Cyclone IV E                               ;
; Total logic elements               ; 250                                        ;
;     Total combinational functions  ; 250                                        ;
;     Dedicated logic registers      ; 0                                          ;
; Total registers                    ; 0                                          ;
; Total pins                         ; 23                                         ;
; Total virtual pins                 ; 0                                          ;
; Total memory bits                  ; 0                                          ;
; Embedded Multiplier 9-bit elements ; 0                                          ;
; Total PLLs                         ; 0                                          ;
+------------------------------------+--------------------------------------------+


+----------------------------------------------------------+
; Analysis & Synthesis Resource Usage Summary              ;
+---------------------------------------------+------------+
; Resource                                    ; Usage      ;
+---------------------------------------------+------------+
; Estimated Total logic elements              ; 250        ;
;                                             ;            ;
; Total combinational functions               ; 250        ;
; Logic element usage by number of LUT inputs ;            ;
;     -- 4 input functions                    ; 145        ;
;     -- 3 input functions                    ; 70         ;
;     -- <=2 input functions                  ; 35         ;
;                                             ;            ;
; Logic elements by mode                      ;            ;
;     -- normal mode                          ; 211        ;
;     -- arithmetic mode                      ; 39         ;
;                                             ;            ;
; Total registers                             ; 0          ;
;     -- Dedicated logic registers            ; 0          ;
;     -- I/O registers                        ; 0          ;
;                                             ;            ;
; I/O pins                                    ; 23         ;
; Embedded Multiplier 9-bit elements          ; 0          ;
; Maximum fan-out node                        ; S[1]~input ;
; Maximum fan-out                             ; 40         ;
; Total fan-out                               ; 890        ;
; Average fan-out                             ; 3.01       ;
+---------------------------------------------+------------+


